node_modules/next-auth/adapters.d.ts(2,47): error TS2307: Cannot find module '@auth/core/adapters' or its corresponding type declarations.
node_modules/next-auth/core/lib/cookie.d.ts(31,5): error TS18028: Private identifiers are only available when targeting ECMAScript 2015 and higher.
node_modules/next-auth/providers/email.d.ts(1,45): error TS2307: Cannot find module 'nodemailer' or its corresponding type declarations.
node_modules/next-auth/providers/email.d.ts(2,32): error TS2307: Cannot find module 'nodemailer/lib/json-transport/index.js' or its corresponding type declarations.
node_modules/next-auth/providers/email.d.ts(3,36): error TS2307: Cannot find module 'nodemailer/lib/sendmail-transport/index.js' or its corresponding type declarations.
node_modules/next-auth/providers/email.d.ts(4,31): error TS2307: Cannot find module 'nodemailer/lib/ses-transport/index.js' or its corresponding type declarations.
node_modules/next-auth/providers/email.d.ts(5,27): error TS2307: Cannot find module 'nodemailer/lib/smtp-pool/index.js' or its corresponding type declarations.
node_modules/next-auth/providers/email.d.ts(6,32): error TS2307: Cannot find module 'nodemailer/lib/smtp-transport/index.js' or its corresponding type declarations.
node_modules/next-auth/providers/email.d.ts(7,34): error TS2307: Cannot find module 'nodemailer/lib/stream-transport/index.js' or its corresponding type declarations.
node_modules/next/dist/build/webpack/loaders/next-app-loader.d.ts(1,13): error TS2613: Module '"next/dist/compiled/webpack/webpack"' has no default export. Did you mean to use 'import { webpack } from "next/dist/compiled/webpack/webpack"' instead?
node_modules/next/dist/client/components/error-boundary.d.ts(1,8): error TS1259: Module '"C:/Users/choud/Desktop/print-id-craft/print-id-craft/node_modules/@types/react/index"' can only be default-imported using the 'esModuleInterop' flag
node_modules/next/dist/client/components/layout-router.d.ts(3,8): error TS1259: Module '"C:/Users/choud/Desktop/print-id-craft/print-id-craft/node_modules/@types/react/index"' can only be default-imported using the 'esModuleInterop' flag
node_modules/next/dist/client/components/not-found-boundary.d.ts(1,8): error TS1259: Module '"C:/Users/choud/Desktop/print-id-craft/print-id-craft/node_modules/@types/react/index"' can only be default-imported using the 'esModuleInterop' flag
node_modules/next/dist/client/image-component.d.ts(1,8): error TS1259: Module '"C:/Users/choud/Desktop/print-id-craft/print-id-craft/node_modules/@types/react/index"' can only be default-imported using the 'esModuleInterop' flag
node_modules/next/dist/client/link.d.ts(2,8): error TS1259: Module '"C:/Users/choud/Desktop/print-id-craft/print-id-craft/node_modules/@types/react/index"' can only be default-imported using the 'esModuleInterop' flag
node_modules/next/dist/client/script.d.ts(1,8): error TS1259: Module '"C:/Users/choud/Desktop/print-id-craft/print-id-craft/node_modules/@types/react/index"' can only be default-imported using the 'esModuleInterop' flag
node_modules/next/dist/client/with-router.d.ts(1,8): error TS1259: Module '"C:/Users/choud/Desktop/print-id-craft/print-id-craft/node_modules/@types/react/index"' can only be default-imported using the 'esModuleInterop' flag
node_modules/next/dist/pages/_app.d.ts(1,8): error TS1259: Module '"C:/Users/choud/Desktop/print-id-craft/print-id-craft/node_modules/@types/react/index"' can only be default-imported using the 'esModuleInterop' flag
node_modules/next/dist/pages/_document.d.ts(1,8): error TS1259: Module '"C:/Users/choud/Desktop/print-id-craft/print-id-craft/node_modules/@types/react/index"' can only be default-imported using the 'esModuleInterop' flag
node_modules/next/dist/pages/_error.d.ts(1,8): error TS1259: Module '"C:/Users/choud/Desktop/print-id-craft/print-id-craft/node_modules/@types/react/index"' can only be default-imported using the 'esModuleInterop' flag
node_modules/next/dist/server/app-render/types.d.ts(13,8): error TS1192: Module '"next/dist/compiled/superstruct"' has no default export.
node_modules/next/dist/server/render.d.ts(17,8): error TS1259: Module '"C:/Users/choud/Desktop/print-id-craft/print-id-craft/node_modules/@types/react/index"' can only be default-imported using the 'esModuleInterop' flag
node_modules/next/dist/shared/lib/amp-context.shared-runtime.d.ts(1,8): error TS1259: Module '"C:/Users/choud/Desktop/print-id-craft/print-id-craft/node_modules/@types/react/index"' can only be default-imported using the 'esModuleInterop' flag
node_modules/next/dist/shared/lib/app-router-context.shared-runtime.d.ts(4,8): error TS1259: Module '"C:/Users/choud/Desktop/print-id-craft/print-id-craft/node_modules/@types/react/index"' can only be default-imported using the 'esModuleInterop' flag
node_modules/next/dist/shared/lib/dynamic.d.ts(1,8): error TS1259: Module '"C:/Users/choud/Desktop/print-id-craft/print-id-craft/node_modules/@types/react/index"' can only be default-imported using the 'esModuleInterop' flag
node_modules/next/dist/shared/lib/head-manager-context.shared-runtime.d.ts(1,8): error TS1259: Module '"C:/Users/choud/Desktop/print-id-craft/print-id-craft/node_modules/@types/react/index"' can only be default-imported using the 'esModuleInterop' flag
node_modules/next/dist/shared/lib/head.d.ts(1,8): error TS1259: Module '"C:/Users/choud/Desktop/print-id-craft/print-id-craft/node_modules/@types/react/index"' can only be default-imported using the 'esModuleInterop' flag
node_modules/next/dist/shared/lib/image-config-context.shared-runtime.d.ts(1,8): error TS1259: Module '"C:/Users/choud/Desktop/print-id-craft/print-id-craft/node_modules/@types/react/index"' can only be default-imported using the 'esModuleInterop' flag
node_modules/next/dist/shared/lib/loadable-context.shared-runtime.d.ts(1,8): error TS1259: Module '"C:/Users/choud/Desktop/print-id-craft/print-id-craft/node_modules/@types/react/index"' can only be default-imported using the 'esModuleInterop' flag
node_modules/next/dist/shared/lib/loadable.shared-runtime.d.ts(21,8): error TS1259: Module '"C:/Users/choud/Desktop/print-id-craft/print-id-craft/node_modules/@types/react/index"' can only be default-imported using the 'esModuleInterop' flag
node_modules/next/dist/shared/lib/router-context.shared-runtime.d.ts(1,8): error TS1259: Module '"C:/Users/choud/Desktop/print-id-craft/print-id-craft/node_modules/@types/react/index"' can only be default-imported using the 'esModuleInterop' flag
node_modules/next/dist/shared/lib/server-inserted-html.shared-runtime.d.ts(1,8): error TS1259: Module '"C:/Users/choud/Desktop/print-id-craft/print-id-craft/node_modules/@types/react/index"' can only be default-imported using the 'esModuleInterop' flag
node_modules/next/dist/shared/lib/utils.d.ts(12,13): error TS1192: Module '"fs"' has no default export.
node_modules/next/dist/styled-jsx/types/global.d.ts(6,8): error TS1259: Module '"C:/Users/choud/Desktop/print-id-craft/print-id-craft/node_modules/@types/react/index"' can only be default-imported using the 'esModuleInterop' flag
node_modules/next/types/index.d.ts(10,13): error TS1259: Module '"C:/Users/choud/Desktop/print-id-craft/print-id-craft/node_modules/@types/react/index"' can only be default-imported using the 'esModuleInterop' flag
node_modules/sonner/dist/index.d.ts(1,8): error TS1259: Module '"C:/Users/choud/Desktop/print-id-craft/print-id-craft/node_modules/@types/react/index"' can only be default-imported using the 'esModuleInterop' flag
src/app/teacher/dashboard/page.tsx(4,27): error TS2307: Cannot find module '@/components/IDCardPreview' or its corresponding type declarations.
src/app/teacher/dashboard/page.tsx(8,48): error TS2307: Cannot find module '@/components/JpgTemplateMapper' or its corresponding type declarations.
src/app/teacher/dashboard/page.tsx(105,24): error TS2339: Property 'schoolId' does not exist on type '{ name?: string; email?: string; image?: string; }'.
src/app/teacher/dashboard/page.tsx(106,42): error TS2339: Property 'schoolId' does not exist on type '{ name?: string; email?: string; image?: string; }'.
src/app/teacher/dashboard/page.tsx(111,22): error TS2339: Property 'schoolId' does not exist on type '{ name?: string; email?: string; image?: string; }'.
src/app/teacher/dashboard/page.tsx(257,44): error TS2339: Property 'schoolId' does not exist on type '{ name?: string; email?: string; image?: string; }'.
src/app/teacher/dashboard/page.tsx(268,5): error TS17004: Cannot use JSX unless the '--jsx' flag is provided.
src/app/teacher/dashboard/page.tsx(269,7): error TS17004: Cannot use JSX unless the '--jsx' flag is provided.
src/app/teacher/dashboard/page.tsx(270,9): error TS17004: Cannot use JSX unless the '--jsx' flag is provided.
src/app/teacher/dashboard/page.tsx(271,11): error TS17004: Cannot use JSX unless the '--jsx' flag is provided.
src/app/teacher/dashboard/page.tsx(280,5): error TS17004: Cannot use JSX unless the '--jsx' flag is provided.
src/app/teacher/dashboard/page.tsx(281,7): error TS17004: Cannot use JSX unless the '--jsx' flag is provided.
src/app/teacher/dashboard/page.tsx(283,9): error TS17004: Cannot use JSX unless the '--jsx' flag is provided.
src/app/teacher/dashboard/page.tsx(284,11): error TS17004: Cannot use JSX unless the '--jsx' flag is provided.
src/app/teacher/dashboard/page.tsx(285,13): error TS17004: Cannot use JSX unless the '--jsx' flag is provided.
src/app/teacher/dashboard/page.tsx(288,13): error TS17004: Cannot use JSX unless the '--jsx' flag is provided.
src/app/teacher/dashboard/page.tsx(290,26): error TS17004: Cannot use JSX unless the '--jsx' flag is provided.
src/app/teacher/dashboard/page.tsx(291,27): error TS17004: Cannot use JSX unless the '--jsx' flag is provided.
src/app/teacher/dashboard/page.tsx(294,11): error TS17004: Cannot use JSX unless the '--jsx' flag is provided.
src/app/teacher/dashboard/page.tsx(298,9): error TS17004: Cannot use JSX unless the '--jsx' flag is provided.
src/app/teacher/dashboard/page.tsx(300,13): error TS17004: Cannot use JSX unless the '--jsx' flag is provided.
src/app/teacher/dashboard/page.tsx(322,11): error TS17004: Cannot use JSX unless the '--jsx' flag is provided.
src/app/teacher/dashboard/page.tsx(324,13): error TS17004: Cannot use JSX unless the '--jsx' flag is provided.
src/app/teacher/dashboard/page.tsx(325,15): error TS17004: Cannot use JSX unless the '--jsx' flag is provided.
src/app/teacher/dashboard/page.tsx(326,17): error TS17004: Cannot use JSX unless the '--jsx' flag is provided.
src/app/teacher/dashboard/page.tsx(327,17): error TS17004: Cannot use JSX unless the '--jsx' flag is provided.
src/app/teacher/dashboard/page.tsx(329,15): error TS17004: Cannot use JSX unless the '--jsx' flag is provided.
src/app/teacher/dashboard/page.tsx(330,17): error TS17004: Cannot use JSX unless the '--jsx' flag is provided.
src/app/teacher/dashboard/page.tsx(331,17): error TS17004: Cannot use JSX unless the '--jsx' flag is provided.
src/app/teacher/dashboard/page.tsx(333,15): error TS17004: Cannot use JSX unless the '--jsx' flag is provided.
src/app/teacher/dashboard/page.tsx(334,17): error TS17004: Cannot use JSX unless the '--jsx' flag is provided.
src/app/teacher/dashboard/page.tsx(335,17): error TS17004: Cannot use JSX unless the '--jsx' flag is provided.
src/app/teacher/dashboard/page.tsx(337,15): error TS17004: Cannot use JSX unless the '--jsx' flag is provided.
src/app/teacher/dashboard/page.tsx(338,17): error TS17004: Cannot use JSX unless the '--jsx' flag is provided.
src/app/teacher/dashboard/page.tsx(339,17): error TS17004: Cannot use JSX unless the '--jsx' flag is provided.
src/app/teacher/dashboard/page.tsx(345,15): error TS17004: Cannot use JSX unless the '--jsx' flag is provided.
src/app/teacher/dashboard/page.tsx(346,17): error TS17004: Cannot use JSX unless the '--jsx' flag is provided.
src/app/teacher/dashboard/page.tsx(347,19): error TS17004: Cannot use JSX unless the '--jsx' flag is provided.
src/app/teacher/dashboard/page.tsx(348,19): error TS17004: Cannot use JSX unless the '--jsx' flag is provided.
src/app/teacher/dashboard/page.tsx(350,17): error TS17004: Cannot use JSX unless the '--jsx' flag is provided.
src/app/teacher/dashboard/page.tsx(351,19): error TS17004: Cannot use JSX unless the '--jsx' flag is provided.
src/app/teacher/dashboard/page.tsx(357,13): error TS17004: Cannot use JSX unless the '--jsx' flag is provided.
src/app/teacher/dashboard/page.tsx(358,15): error TS17004: Cannot use JSX unless the '--jsx' flag is provided.
src/app/teacher/dashboard/page.tsx(359,17): error TS17004: Cannot use JSX unless the '--jsx' flag is provided.
src/app/teacher/dashboard/page.tsx(361,19): error TS17004: Cannot use JSX unless the '--jsx' flag is provided.
src/app/teacher/dashboard/page.tsx(362,21): error TS17004: Cannot use JSX unless the '--jsx' flag is provided.
src/app/teacher/dashboard/page.tsx(370,21): error TS17004: Cannot use JSX unless the '--jsx' flag is provided.
src/app/teacher/dashboard/page.tsx(378,17): error TS17004: Cannot use JSX unless the '--jsx' flag is provided.
src/app/teacher/dashboard/page.tsx(382,17): error TS17004: Cannot use JSX unless the '--jsx' flag is provided.
src/app/teacher/dashboard/page.tsx(389,23): error TS17004: Cannot use JSX unless the '--jsx' flag is provided.
src/app/teacher/dashboard/page.tsx(390,25): error TS17004: Cannot use JSX unless the '--jsx' flag is provided.
src/app/teacher/dashboard/page.tsx(391,27): error TS17004: Cannot use JSX unless the '--jsx' flag is provided.
src/app/teacher/dashboard/page.tsx(392,27): error TS17004: Cannot use JSX unless the '--jsx' flag is provided.
src/app/teacher/dashboard/page.tsx(394,29): error TS17004: Cannot use JSX unless the '--jsx' flag is provided.
src/app/teacher/dashboard/page.tsx(399,25): error TS17004: Cannot use JSX unless the '--jsx' flag is provided.
src/app/teacher/dashboard/page.tsx(400,25): error TS17004: Cannot use JSX unless the '--jsx' flag is provided.
src/app/teacher/dashboard/page.tsx(401,27): error TS17004: Cannot use JSX unless the '--jsx' flag is provided.
src/app/teacher/dashboard/page.tsx(402,27): error TS17004: Cannot use JSX unless the '--jsx' flag is provided.
src/app/teacher/dashboard/page.tsx(413,15): error TS17004: Cannot use JSX unless the '--jsx' flag is provided.
src/app/teacher/dashboard/page.tsx(414,17): error TS17004: Cannot use JSX unless the '--jsx' flag is provided.
src/app/teacher/dashboard/page.tsx(415,19): error TS17004: Cannot use JSX unless the '--jsx' flag is provided.
src/app/teacher/dashboard/page.tsx(416,19): error TS17004: Cannot use JSX unless the '--jsx' flag is provided.
src/app/teacher/dashboard/page.tsx(417,21): error TS17004: Cannot use JSX unless the '--jsx' flag is provided.
src/app/teacher/dashboard/page.tsx(427,21): error TS17004: Cannot use JSX unless the '--jsx' flag is provided.
src/app/teacher/dashboard/page.tsx(439,17): error TS17004: Cannot use JSX unless the '--jsx' flag is provided.
src/app/teacher/dashboard/page.tsx(440,19): error TS17004: Cannot use JSX unless the '--jsx' flag is provided.
src/app/teacher/dashboard/page.tsx(441,21): error TS17004: Cannot use JSX unless the '--jsx' flag is provided.
src/app/teacher/dashboard/page.tsx(442,23): error TS17004: Cannot use JSX unless the '--jsx' flag is provided.
src/app/teacher/dashboard/page.tsx(443,25): error TS17004: Cannot use JSX unless the '--jsx' flag is provided.
src/app/teacher/dashboard/page.tsx(444,25): error TS17004: Cannot use JSX unless the '--jsx' flag is provided.
src/app/teacher/dashboard/page.tsx(445,25): error TS17004: Cannot use JSX unless the '--jsx' flag is provided.
src/app/teacher/dashboard/page.tsx(446,25): error TS17004: Cannot use JSX unless the '--jsx' flag is provided.
src/app/teacher/dashboard/page.tsx(447,25): error TS17004: Cannot use JSX unless the '--jsx' flag is provided.
src/app/teacher/dashboard/page.tsx(450,21): error TS17004: Cannot use JSX unless the '--jsx' flag is provided.
src/app/teacher/dashboard/page.tsx(457,27): error TS17004: Cannot use JSX unless the '--jsx' flag is provided.
src/app/teacher/dashboard/page.tsx(458,29): error TS17004: Cannot use JSX unless the '--jsx' flag is provided.
src/app/teacher/dashboard/page.tsx(459,29): error TS17004: Cannot use JSX unless the '--jsx' flag is provided.
src/app/teacher/dashboard/page.tsx(460,29): error TS17004: Cannot use JSX unless the '--jsx' flag is provided.
src/app/teacher/dashboard/page.tsx(460,33): error TS17004: Cannot use JSX unless the '--jsx' flag is provided.
src/app/teacher/dashboard/page.tsx(461,29): error TS17004: Cannot use JSX unless the '--jsx' flag is provided.
src/app/teacher/dashboard/page.tsx(461,33): error TS17004: Cannot use JSX unless the '--jsx' flag is provided.
src/app/teacher/dashboard/page.tsx(462,29): error TS17004: Cannot use JSX unless the '--jsx' flag is provided.
src/app/teacher/dashboard/page.tsx(462,33): error TS17004: Cannot use JSX unless the '--jsx' flag is provided.
src/app/teacher/dashboard/page.tsx(476,11): error TS17004: Cannot use JSX unless the '--jsx' flag is provided.
src/app/teacher/dashboard/page.tsx(478,13): error TS17004: Cannot use JSX unless the '--jsx' flag is provided.
src/app/teacher/dashboard/page.tsx(480,17): error TS17004: Cannot use JSX unless the '--jsx' flag is provided.
src/app/teacher/dashboard/page.tsx(481,19): error TS17004: Cannot use JSX unless the '--jsx' flag is provided.
src/app/teacher/dashboard/page.tsx(482,43): error TS17004: Cannot use JSX unless the '--jsx' flag is provided.
src/app/teacher/dashboard/page.tsx(485,15): error TS17004: Cannot use JSX unless the '--jsx' flag is provided.
src/app/teacher/dashboard/page.tsx(486,17): error TS17004: Cannot use JSX unless the '--jsx' flag is provided.
src/app/teacher/dashboard/page.tsx(487,17): error TS17004: Cannot use JSX unless the '--jsx' flag is provided.
src/app/teacher/dashboard/page.tsx(488,17): error TS17004: Cannot use JSX unless the '--jsx' flag is provided.
src/app/teacher/dashboard/page.tsx(489,17): error TS17004: Cannot use JSX unless the '--jsx' flag is provided.
src/app/teacher/dashboard/page.tsx(490,17): error TS17004: Cannot use JSX unless the '--jsx' flag is provided.
src/app/teacher/dashboard/page.tsx(492,15): error TS17004: Cannot use JSX unless the '--jsx' flag is provided.
src/app/teacher/dashboard/page.tsx(496,13): error TS17004: Cannot use JSX unless the '--jsx' flag is provided.
src/app/teacher/dashboard/page.tsx(497,15): error TS17004: Cannot use JSX unless the '--jsx' flag is provided.
src/app/teacher/dashboard/page.tsx(498,17): error TS17004: Cannot use JSX unless the '--jsx' flag is provided.
src/app/teacher/dashboard/page.tsx(499,19): error TS17004: Cannot use JSX unless the '--jsx' flag is provided.
src/app/teacher/dashboard/page.tsx(500,21): error TS17004: Cannot use JSX unless the '--jsx' flag is provided.
src/app/teacher/dashboard/page.tsx(501,21): error TS17004: Cannot use JSX unless the '--jsx' flag is provided.
src/app/teacher/dashboard/page.tsx(502,21): error TS17004: Cannot use JSX unless the '--jsx' flag is provided.
src/app/teacher/dashboard/page.tsx(503,21): error TS17004: Cannot use JSX unless the '--jsx' flag is provided.
src/app/teacher/dashboard/page.tsx(504,21): error TS17004: Cannot use JSX unless the '--jsx' flag is provided.
src/app/teacher/dashboard/page.tsx(505,21): error TS17004: Cannot use JSX unless the '--jsx' flag is provided.
src/app/teacher/dashboard/page.tsx(506,21): error TS17004: Cannot use JSX unless the '--jsx' flag is provided.
src/app/teacher/dashboard/page.tsx(509,17): error TS17004: Cannot use JSX unless the '--jsx' flag is provided.
src/app/teacher/dashboard/page.tsx(514,23): error TS17004: Cannot use JSX unless the '--jsx' flag is provided.
src/app/teacher/dashboard/page.tsx(515,25): error TS17004: Cannot use JSX unless the '--jsx' flag is provided.
src/app/teacher/dashboard/page.tsx(517,29): error TS17004: Cannot use JSX unless the '--jsx' flag is provided.
src/app/teacher/dashboard/page.tsx(519,29): error TS17004: Cannot use JSX unless the '--jsx' flag is provided.
src/app/teacher/dashboard/page.tsx(522,25): error TS17004: Cannot use JSX unless the '--jsx' flag is provided.
src/app/teacher/dashboard/page.tsx(523,25): error TS17004: Cannot use JSX unless the '--jsx' flag is provided.
src/app/teacher/dashboard/page.tsx(524,25): error TS17004: Cannot use JSX unless the '--jsx' flag is provided.
src/app/teacher/dashboard/page.tsx(525,25): error TS17004: Cannot use JSX unless the '--jsx' flag is provided.
src/app/teacher/dashboard/page.tsx(526,27): error TS17004: Cannot use JSX unless the '--jsx' flag is provided.
src/app/teacher/dashboard/page.tsx(533,42): error TS17004: Cannot use JSX unless the '--jsx' flag is provided.
src/app/teacher/dashboard/page.tsx(535,25): error TS17004: Cannot use JSX unless the '--jsx' flag is provided.
src/app/teacher/dashboard/page.tsx(537,29): error TS17004: Cannot use JSX unless the '--jsx' flag is provided.
src/app/teacher/dashboard/page.tsx(541,29): error TS17004: Cannot use JSX unless the '--jsx' flag is provided.
src/app/teacher/dashboard/page.tsx(549,25): error TS17004: Cannot use JSX unless the '--jsx' flag is provided.
src/app/teacher/dashboard/page.tsx(550,27): error TS17004: Cannot use JSX unless the '--jsx' flag is provided.
src/app/teacher/dashboard/page.tsx(551,29): error TS17004: Cannot use JSX unless the '--jsx' flag is provided.
src/app/teacher/dashboard/page.tsx(553,31): error TS17004: Cannot use JSX unless the '--jsx' flag is provided.
src/app/teacher/dashboard/page.tsx(556,31): error TS17004: Cannot use JSX unless the '--jsx' flag is provided.
src/app/teacher/dashboard/page.tsx(559,31): error TS17004: Cannot use JSX unless the '--jsx' flag is provided.
src/app/teacher/dashboard/page.tsx(561,31): error TS17004: Cannot use JSX unless the '--jsx' flag is provided.
src/app/teacher/dashboard/page.tsx(563,29): error TS17004: Cannot use JSX unless the '--jsx' flag is provided.
src/app/teacher/dashboard/page.tsx(567,29): error TS17004: Cannot use JSX unless the '--jsx' flag is provided.
src/app/teacher/dashboard/page.tsx(577,21): error TS17004: Cannot use JSX unless the '--jsx' flag is provided.
src/app/teacher/dashboard/page.tsx(577,25): error TS17004: Cannot use JSX unless the '--jsx' flag is provided.
src/app/teacher/dashboard/page.tsx(587,11): error TS17004: Cannot use JSX unless the '--jsx' flag is provided.
src/app/teacher/dashboard/page.tsx(588,13): error TS17004: Cannot use JSX unless the '--jsx' flag is provided.
src/app/teacher/dashboard/page.tsx(589,15): error TS17004: Cannot use JSX unless the '--jsx' flag is provided.
src/app/teacher/dashboard/page.tsx(590,17): error TS17004: Cannot use JSX unless the '--jsx' flag is provided.
src/app/teacher/dashboard/page.tsx(591,17): error TS17004: Cannot use JSX unless the '--jsx' flag is provided.
src/app/teacher/dashboard/page.tsx(593,15): error TS17004: Cannot use JSX unless the '--jsx' flag is provided.
src/app/teacher/dashboard/page.tsx(600,15): error TS17004: Cannot use JSX unless the '--jsx' flag is provided.
src/app/teacher/dashboard/page.tsx(601,17): error TS17004: Cannot use JSX unless the '--jsx' flag is provided.
src/app/teacher/dashboard/page.tsx(602,17): error TS17004: Cannot use JSX unless the '--jsx' flag is provided.
src/app/teacher/dashboard/page.tsx(603,19): error TS17004: Cannot use JSX unless the '--jsx' flag is provided.
src/app/teacher/dashboard/page.tsx(604,21): error TS17004: Cannot use JSX unless the '--jsx' flag is provided.
src/app/teacher/dashboard/page.tsx(605,21): error TS17004: Cannot use JSX unless the '--jsx' flag is provided.
src/app/teacher/dashboard/page.tsx(607,19): error TS17004: Cannot use JSX unless the '--jsx' flag is provided.
src/app/teacher/dashboard/page.tsx(608,21): error TS17004: Cannot use JSX unless the '--jsx' flag is provided.
src/app/teacher/dashboard/page.tsx(609,21): error TS17004: Cannot use JSX unless the '--jsx' flag is provided.
src/app/teacher/dashboard/page.tsx(611,19): error TS17004: Cannot use JSX unless the '--jsx' flag is provided.
src/app/teacher/dashboard/page.tsx(612,21): error TS17004: Cannot use JSX unless the '--jsx' flag is provided.
src/app/teacher/dashboard/page.tsx(613,21): error TS17004: Cannot use JSX unless the '--jsx' flag is provided.
src/app/teacher/dashboard/page.tsx(615,19): error TS17004: Cannot use JSX unless the '--jsx' flag is provided.
src/app/teacher/dashboard/page.tsx(616,21): error TS17004: Cannot use JSX unless the '--jsx' flag is provided.
src/app/teacher/dashboard/page.tsx(617,21): error TS17004: Cannot use JSX unless the '--jsx' flag is provided.
src/app/teacher/dashboard/page.tsx(618,23): error TS17004: Cannot use JSX unless the '--jsx' flag is provided.
src/app/teacher/dashboard/page.tsx(619,47): error TS17004: Cannot use JSX unless the '--jsx' flag is provided.
src/app/teacher/dashboard/page.tsx(623,17): error TS17004: Cannot use JSX unless the '--jsx' flag is provided.
src/app/teacher/dashboard/page.tsx(631,15): error TS17004: Cannot use JSX unless the '--jsx' flag is provided.
src/app/teacher/dashboard/page.tsx(632,17): error TS17004: Cannot use JSX unless the '--jsx' flag is provided.
src/app/teacher/dashboard/page.tsx(633,19): error TS17004: Cannot use JSX unless the '--jsx' flag is provided.
src/app/teacher/dashboard/page.tsx(634,21): error TS17004: Cannot use JSX unless the '--jsx' flag is provided.
src/app/teacher/dashboard/page.tsx(635,23): error TS17004: Cannot use JSX unless the '--jsx' flag is provided.
src/app/teacher/dashboard/page.tsx(636,23): error TS17004: Cannot use JSX unless the '--jsx' flag is provided.
src/app/teacher/dashboard/page.tsx(637,23): error TS17004: Cannot use JSX unless the '--jsx' flag is provided.
src/app/teacher/dashboard/page.tsx(638,23): error TS17004: Cannot use JSX unless the '--jsx' flag is provided.
src/app/teacher/dashboard/page.tsx(639,23): error TS17004: Cannot use JSX unless the '--jsx' flag is provided.
src/app/teacher/dashboard/page.tsx(642,19): error TS17004: Cannot use JSX unless the '--jsx' flag is provided.
src/app/teacher/dashboard/page.tsx(644,23): error TS17004: Cannot use JSX unless the '--jsx' flag is provided.
src/app/teacher/dashboard/page.tsx(645,25): error TS17004: Cannot use JSX unless the '--jsx' flag is provided.
src/app/teacher/dashboard/page.tsx(646,27): error TS17004: Cannot use JSX unless the '--jsx' flag is provided.
src/app/teacher/dashboard/page.tsx(647,29): error TS17004: Cannot use JSX unless the '--jsx' flag is provided.
src/app/teacher/dashboard/page.tsx(653,25): error TS17004: Cannot use JSX unless the '--jsx' flag is provided.
src/app/teacher/dashboard/page.tsx(654,25): error TS17004: Cannot use JSX unless the '--jsx' flag is provided.
src/app/teacher/dashboard/page.tsx(656,29): error TS17004: Cannot use JSX unless the '--jsx' flag is provided.
src/app/teacher/dashboard/page.tsx(658,29): error TS17004: Cannot use JSX unless the '--jsx' flag is provided.
src/app/teacher/dashboard/page.tsx(661,25): error TS17004: Cannot use JSX unless the '--jsx' flag is provided.
src/app/teacher/dashboard/page.tsx(662,25): error TS17004: Cannot use JSX unless the '--jsx' flag is provided.
src/app/teacher/dashboard/page.tsx(663,27): error TS17004: Cannot use JSX unless the '--jsx' flag is provided.
src/app/teacher/dashboard/page.tsx(673,15): error TS17004: Cannot use JSX unless the '--jsx' flag is provided.
src/app/teacher/dashboard/page.tsx(674,17): error TS17004: Cannot use JSX unless the '--jsx' flag is provided.
src/app/teacher/dashboard/page.tsx(675,17): error TS17004: Cannot use JSX unless the '--jsx' flag is provided.
src/app/teacher/dashboard/page.tsx(676,17): error TS17004: Cannot use JSX unless the '--jsx' flag is provided.
src/app/teacher/dashboard/page.tsx(684,11): error TS17004: Cannot use JSX unless the '--jsx' flag is provided.
src/app/teacher/dashboard/page.tsx(685,13): error TS17004: Cannot use JSX unless the '--jsx' flag is provided.
src/app/teacher/dashboard/page.tsx(686,15): error TS17004: Cannot use JSX unless the '--jsx' flag is provided.
src/app/teacher/dashboard/page.tsx(687,15): error TS17004: Cannot use JSX unless the '--jsx' flag is provided.
src/app/teacher/dashboard/page.tsx(688,15): error TS17004: Cannot use JSX unless the '--jsx' flag is provided.
src/app/teacher/dashboard/page.tsx(694,15): error TS17004: Cannot use JSX unless the '--jsx' flag is provided.
src/app/teacher/dashboard/page.tsx(695,17): error TS17004: Cannot use JSX unless the '--jsx' flag is provided.
src/app/teacher/dashboard/page.tsx(696,17): error TS17004: Cannot use JSX unless the '--jsx' flag is provided.
src/app/teacher/dashboard/page.tsx(706,11): error TS17004: Cannot use JSX unless the '--jsx' flag is provided.
src/app/teacher/dashboard/page.tsx(707,13): error TS17004: Cannot use JSX unless the '--jsx' flag is provided.
src/app/teacher/dashboard/page.tsx(708,15): error TS17004: Cannot use JSX unless the '--jsx' flag is provided.
src/app/teacher/dashboard/page.tsx(709,15): error TS17004: Cannot use JSX unless the '--jsx' flag is provided.
src/app/teacher/dashboard/page.tsx(711,19): error TS17004: Cannot use JSX unless the '--jsx' flag is provided.
src/app/teacher/dashboard/page.tsx(712,21): error TS17004: Cannot use JSX unless the '--jsx' flag is provided.
src/app/teacher/dashboard/page.tsx(713,21): error TS17004: Cannot use JSX unless the '--jsx' flag is provided.
src/app/teacher/dashboard/page.tsx(720,15): error TS17004: Cannot use JSX unless the '--jsx' flag is provided.
src/app/teacher/dashboard/page.tsx(721,17): error TS17004: Cannot use JSX unless the '--jsx' flag is provided.
src/app/teacher/dashboard/page.tsx(722,17): error TS17004: Cannot use JSX unless the '--jsx' flag is provided.
src/app/teacher/dashboard/page.tsx(732,11): error TS17004: Cannot use JSX unless the '--jsx' flag is provided.
src/app/teacher/dashboard/page.tsx(733,13): error TS17004: Cannot use JSX unless the '--jsx' flag is provided.
src/app/teacher/dashboard/page.tsx(734,15): error TS17004: Cannot use JSX unless the '--jsx' flag is provided.
src/app/teacher/dashboard/page.tsx(735,17): error TS17004: Cannot use JSX unless the '--jsx' flag is provided.
src/app/teacher/dashboard/page.tsx(736,19): error TS17004: Cannot use JSX unless the '--jsx' flag is provided.
src/app/teacher/dashboard/page.tsx(737,19): error TS17004: Cannot use JSX unless the '--jsx' flag is provided.
src/app/teacher/dashboard/page.tsx(739,17): error TS17004: Cannot use JSX unless the '--jsx' flag is provided.
src/app/teacher/dashboard/page.tsx(741,15): error TS17004: Cannot use JSX unless the '--jsx' flag is provided.
src/app/teacher/dashboard/page.tsx(742,17): error TS17004: Cannot use JSX unless the '--jsx' flag is provided.
src/app/teacher/dashboard/page.tsx(743,19): error TS17004: Cannot use JSX unless the '--jsx' flag is provided.
src/app/teacher/dashboard/page.tsx(745,23): error TS17004: Cannot use JSX unless the '--jsx' flag is provided.
src/app/teacher/dashboard/page.tsx(747,23): error TS17004: Cannot use JSX unless the '--jsx' flag is provided.
src/app/teacher/dashboard/page.tsx(748,25): error TS17004: Cannot use JSX unless the '--jsx' flag is provided.
src/app/teacher/dashboard/page.tsx(748,125): error TS17004: Cannot use JSX unless the '--jsx' flag is provided.
src/app/teacher/dashboard/page.tsx(748,178): error TS17004: Cannot use JSX unless the '--jsx' flag is provided.
src/app/teacher/dashboard/page.tsx(752,19): error TS17004: Cannot use JSX unless the '--jsx' flag is provided.
src/app/teacher/dashboard/page.tsx(754,23): error TS17004: Cannot use JSX unless the '--jsx' flag is provided.
src/app/teacher/dashboard/page.tsx(755,25): error TS17004: Cannot use JSX unless the '--jsx' flag is provided.
src/app/teacher/dashboard/page.tsx(756,25): error TS17004: Cannot use JSX unless the '--jsx' flag is provided.
src/app/teacher/dashboard/page.tsx(764,19): error TS17004: Cannot use JSX unless the '--jsx' flag is provided.
src/app/teacher/dashboard/page.tsx(765,24): error TS17004: Cannot use JSX unless the '--jsx' flag is provided.
src/app/teacher/dashboard/page.tsx(770,19): error TS17004: Cannot use JSX unless the '--jsx' flag is provided.
src/app/teacher/dashboard/page.tsx(771,24): error TS17004: Cannot use JSX unless the '--jsx' flag is provided.
src/app/teacher/dashboard/page.tsx(776,19): error TS17004: Cannot use JSX unless the '--jsx' flag is provided.
src/app/teacher/dashboard/page.tsx(777,21): error TS17004: Cannot use JSX unless the '--jsx' flag is provided.
src/app/teacher/dashboard/page.tsx(778,21): error TS17004: Cannot use JSX unless the '--jsx' flag is provided.
src/app/teacher/dashboard/page.tsx(779,23): error TS17004: Cannot use JSX unless the '--jsx' flag is provided.
src/app/teacher/dashboard/page.tsx(780,25): error TS17004: Cannot use JSX unless the '--jsx' flag is provided.
src/app/teacher/dashboard/page.tsx(781,25): error TS17004: Cannot use JSX unless the '--jsx' flag is provided.
src/app/teacher/dashboard/page.tsx(792,25): error TS17004: Cannot use JSX unless the '--jsx' flag is provided.
src/app/teacher/dashboard/page.tsx(793,27): error TS17004: Cannot use JSX unless the '--jsx' flag is provided.
src/app/teacher/dashboard/page.tsx(794,27): error TS17004: Cannot use JSX unless the '--jsx' flag is provided.
src/app/teacher/dashboard/page.tsx(809,17): error TS17004: Cannot use JSX unless the '--jsx' flag is provided.
src/app/teacher/dashboard/page.tsx(811,21): error TS17004: Cannot use JSX unless the '--jsx' flag is provided.
src/app/teacher/dashboard/page.tsx(814,21): error TS17004: Cannot use JSX unless the '--jsx' flag is provided.
src/app/teacher/dashboard/page.tsx(816,19): error TS17004: Cannot use JSX unless the '--jsx' flag is provided.
src/app/teacher/dashboard/page.tsx(820,19): error TS17004: Cannot use JSX unless the '--jsx' flag is provided.
src/app/teacher/dashboard/page.tsx(828,11): error TS17004: Cannot use JSX unless the '--jsx' flag is provided.
src/app/teacher/dashboard/page.tsx(829,13): error TS17004: Cannot use JSX unless the '--jsx' flag is provided.
src/app/teacher/dashboard/page.tsx(830,15): error TS17004: Cannot use JSX unless the '--jsx' flag is provided.
src/app/teacher/dashboard/page.tsx(831,17): error TS17004: Cannot use JSX unless the '--jsx' flag is provided.
src/app/teacher/dashboard/page.tsx(832,17): error TS17004: Cannot use JSX unless the '--jsx' flag is provided.
src/app/teacher/dashboard/page.tsx(833,19): error TS17004: Cannot use JSX unless the '--jsx' flag is provided.
src/app/teacher/dashboard/page.tsx(834,19): error TS17004: Cannot use JSX unless the '--jsx' flag is provided.
src/app/teacher/dashboard/page.tsx(838,15): error TS17004: Cannot use JSX unless the '--jsx' flag is provided.
